{
  "version": "1.5.0",
  "plugins_used": [
    {
      "name": "ArtifactoryDetector"
    },
    {
      "name": "AWSKeyDetector"
    },
    {
      "name": "AzureStorageKeyDetector"
    },
    {
      "name": "Base64HighEntropyString",
      "limit": 4.5
    },
    {
      "name": "BasicAuthDetector"
    },
    {
      "name": "CloudantDetector"
    },
    {
      "name": "DiscordBotTokenDetector"
    },
    {
      "name": "GitHubTokenDetector"
    },
    {
      "name": "GitLabTokenDetector"
    },
    {
      "name": "HexHighEntropyString",
      "limit": 3.0
    },
    {
      "name": "IbmCloudIamDetector"
    },
    {
      "name": "IbmCosHmacDetector"
    },
    {
      "name": "IPPublicDetector"
    },
    {
      "name": "JwtTokenDetector"
    },
    {
      "name": "KeywordDetector",
      "keyword_exclude": ""
    },
    {
      "name": "MailchimpDetector"
    },
    {
      "name": "NpmDetector"
    },
    {
      "name": "OpenAIDetector"
    },
    {
      "name": "PrivateKeyDetector"
    },
    {
      "name": "PypiTokenDetector"
    },
    {
      "name": "SendGridDetector"
    },
    {
      "name": "SlackDetector"
    },
    {
      "name": "SoftlayerDetector"
    },
    {
      "name": "SquareOAuthDetector"
    },
    {
      "name": "StripeDetector"
    },
    {
      "name": "TelegramBotTokenDetector"
    },
    {
      "name": "TwilioKeyDetector"
    }
  ],
  "filters_used": [
    {
      "path": "detect_secrets.filters.allowlist.is_line_allowlisted"
    },
    {
      "path": "detect_secrets.filters.common.is_ignored_due_to_verification_policies",
      "min_level": 2
    },
    {
      "path": "detect_secrets.filters.heuristic.is_indirect_reference"
    },
    {
      "path": "detect_secrets.filters.heuristic.is_likely_id_string"
    },
    {
      "path": "detect_secrets.filters.heuristic.is_lock_file"
    },
    {
      "path": "detect_secrets.filters.heuristic.is_not_alphanumeric_string"
    },
    {
      "path": "detect_secrets.filters.heuristic.is_potential_uuid"
    },
    {
      "path": "detect_secrets.filters.heuristic.is_prefixed_with_dollar_sign"
    },
    {
      "path": "detect_secrets.filters.heuristic.is_sequential_string"
    },
    {
      "path": "detect_secrets.filters.heuristic.is_swagger_file"
    },
    {
      "path": "detect_secrets.filters.heuristic.is_templated_secret"
    }
  ],
  "results": {
    ".env.example": [
      {
        "type": "Basic Auth Credentials",
        "filename": ".env.example",
        "hashed_secret": "5baa61e4c9b93f3f0682250b6cf8331b7ee68fd8",
        "is_verified": false,
        "line_number": 121
      },
      {
        "type": "Basic Auth Credentials",
        "filename": ".env.example",
        "hashed_secret": "09bb47fed8fc36decfc4e8bbcdca377695882c5b",
        "is_verified": false,
        "line_number": 123
      }
    ],
    "apps\\api\\.env.example": [
      {
        "type": "Basic Auth Credentials",
        "filename": "apps\\api\\.env.example",
        "hashed_secret": "5baa61e4c9b93f3f0682250b6cf8331b7ee68fd8",
        "is_verified": false,
        "line_number": 75
      }
    ],
    "apps\\api\\alembic.ini": [
      {
        "type": "Basic Auth Credentials",
        "filename": "apps\\api\\alembic.ini",
        "hashed_secret": "9d4e1e23bd5b727046a9e3b4b7db57bd8d6ee684",
        "is_verified": false,
        "line_number": 56
      }
    ],
    "apps\\api\\api\\audit.py": [
      {
        "type": "Secret Keyword",
        "filename": "apps\\api\\api\\audit.py",
        "hashed_secret": "7a0aed305f6503ba9ea4b140dbd703f9c066361e",
        "is_verified": false,
        "line_number": 59
      },
      {
        "type": "Secret Keyword",
        "filename": "apps\\api\\api\\audit.py",
        "hashed_secret": "4a34f447aec329b6d2976fbbd814ce460bc483fd",
        "is_verified": false,
        "line_number": 60
      }
    ],
    "apps\\api\\api\\main.py": [
      {
        "type": "Secret Keyword",
        "filename": "apps\\api\\api\\main.py",
        "hashed_secret": "829c3804401b0727f70f73d4415e162400cbe57b",
        "is_verified": false,
        "line_number": 311
      }
    ],
    "apps\\api\\config\\searxng\\settings.yml": [
      {
        "type": "Secret Keyword",
        "filename": "apps\\api\\config\\searxng\\settings.yml",
        "hashed_secret": "e8d4a2f731a2b37fcb169639d14ccb9350952d59",
        "is_verified": false,
        "line_number": 4
      }
    ],
    "apps\\api\\data\\enrichment\\enrichers\\air_quality.py": [
      {
        "type": "Secret Keyword",
        "filename": "apps\\api\\data\\enrichment\\enrichers\\air_quality.py",
        "hashed_secret": "707eac7b27b0dd1df865d585e84f0a496fe822d6",
        "is_verified": false,
        "line_number": 40
      }
    ],
    "apps\\api\\data\\providers\\api_provider.py": [
      {
        "type": "Secret Keyword",
        "filename": "apps\\api\\data\\providers\\api_provider.py",
        "hashed_secret": "a8bee6dd2bbf5bf8303b391c191e2cf38515f4a8",
        "is_verified": false,
        "line_number": 101
      }
    ],
    "apps\\api\\tests\\integration\\api\\test_api_auth_jwt_integration.py": [
      {
        "type": "Secret Keyword",
        "filename": "apps\\api\\tests\\integration\\api\\test_api_auth_jwt_integration.py",
        "hashed_secret": "72559b51f94a7a3ad058c5740cbe2f7cb0d4080b",
        "is_verified": false,
        "line_number": 96
      },
      {
        "type": "Secret Keyword",
        "filename": "apps\\api\\tests\\integration\\api\\test_api_auth_jwt_integration.py",
        "hashed_secret": "a4b48a81cdab1e1a5dd37907d6c85ca1c61ddc7c",
        "is_verified": false,
        "line_number": 144
      }
    ],
    "apps\\api\\tests\\integration\\api\\test_api_chat_sse.py": [
      {
        "type": "Secret Keyword",
        "filename": "apps\\api\\tests\\integration\\api\\test_api_chat_sse.py",
        "hashed_secret": "cba7d8d926ee837cf3f92636a6d1cd0eb397db64",
        "is_verified": false,
        "line_number": 163
      }
    ],
    "apps\\api\\tests\\integration\\data\\test_api_provider_integration.py": [
      {
        "type": "Secret Keyword",
        "filename": "apps\\api\\tests\\integration\\data\\test_api_provider_integration.py",
        "hashed_secret": "3acfb2c2b433c0ea7ff107e33df91b18e52f960f",
        "is_verified": false,
        "line_number": 15
      }
    ],
    "apps\\api\\tests\\integration\\test_jwt_auth_flow.py": [
      {
        "type": "Secret Keyword",
        "filename": "apps\\api\\tests\\integration\\test_jwt_auth_flow.py",
        "hashed_secret": "8c18f7e71403c603b5d46b2923a65278ef929c45",
        "is_verified": false,
        "line_number": 26
      },
      {
        "type": "Secret Keyword",
        "filename": "apps\\api\\tests\\integration\\test_jwt_auth_flow.py",
        "hashed_secret": "72559b51f94a7a3ad058c5740cbe2f7cb0d4080b",
        "is_verified": false,
        "line_number": 40
      },
      {
        "type": "Secret Keyword",
        "filename": "apps\\api\\tests\\integration\\test_jwt_auth_flow.py",
        "hashed_secret": "30821330d00bde5dd50a8397c8af1febfa884f09",
        "is_verified": false,
        "line_number": 168
      },
      {
        "type": "Secret Keyword",
        "filename": "apps\\api\\tests\\integration\\test_jwt_auth_flow.py",
        "hashed_secret": "a0f4ea7d91495df92bbac2e2149dfb850fe81396",
        "is_verified": false,
        "line_number": 180
      },
      {
        "type": "Secret Keyword",
        "filename": "apps\\api\\tests\\integration\\test_jwt_auth_flow.py",
        "hashed_secret": "14578ef6b92cbaea2e5c8678a7cf1ed2b665a6c8",
        "is_verified": false,
        "line_number": 248
      },
      {
        "type": "Secret Keyword",
        "filename": "apps\\api\\tests\\integration\\test_jwt_auth_flow.py",
        "hashed_secret": "02777c3b3d85c36fda79c8382278c8ffa836a8aa",
        "is_verified": false,
        "line_number": 258
      },
      {
        "type": "Secret Keyword",
        "filename": "apps\\api\\tests\\integration\\test_jwt_auth_flow.py",
        "hashed_secret": "c60dd3d54ebc259f3e94ab2df311dfaa63429c13",
        "is_verified": false,
        "line_number": 363
      },
      {
        "type": "Secret Keyword",
        "filename": "apps\\api\\tests\\integration\\test_jwt_auth_flow.py",
        "hashed_secret": "132f7300a360dfde68138ad05604492406bd05c6",
        "is_verified": false,
        "line_number": 410
      }
    ],
    "apps\\api\\tests\\integration\\test_multi_provider_fallback.py": [
      {
        "type": "Secret Keyword",
        "filename": "apps\\api\\tests\\integration\\test_multi_provider_fallback.py",
        "hashed_secret": "1073ab6cda4b991cd29f9e83a307f34004ae9327",
        "is_verified": false,
        "line_number": 39
      }
    ],
    "apps\\api\\tests\\integration\\test_provider_factory_integration.py": [
      {
        "type": "Secret Keyword",
        "filename": "apps\\api\\tests\\integration\\test_provider_factory_integration.py",
        "hashed_secret": "ffc7b27c5ee452d6f8eb9d91972a62df55b48c3d",
        "is_verified": false,
        "line_number": 29
      },
      {
        "type": "Secret Keyword",
        "filename": "apps\\api\\tests\\integration\\test_provider_factory_integration.py",
        "hashed_secret": "fd9a45bc0b07706d849cf85021ecf9123fa83d82",
        "is_verified": false,
        "line_number": 30
      },
      {
        "type": "Secret Keyword",
        "filename": "apps\\api\\tests\\integration\\test_provider_factory_integration.py",
        "hashed_secret": "63d185ab613a8f4ba8a3f2669f49e8df82bff53f",
        "is_verified": false,
        "line_number": 31
      },
      {
        "type": "Secret Keyword",
        "filename": "apps\\api\\tests\\integration\\test_provider_factory_integration.py",
        "hashed_secret": "c8d313eac6d38274ccfc0fa7935c68bd61d5bc2f",
        "is_verified": false,
        "line_number": 32
      },
      {
        "type": "Secret Keyword",
        "filename": "apps\\api\\tests\\integration\\test_provider_factory_integration.py",
        "hashed_secret": "46bedae41ff921b8e6d2af441e7fe329e7b9c800",
        "is_verified": false,
        "line_number": 33
      }
    ],
    "apps\\api\\tests\\unit\\api\\test_api_auth.py": [
      {
        "type": "Secret Keyword",
        "filename": "apps\\api\\tests\\unit\\api\\test_api_auth.py",
        "hashed_secret": "8bc920da69bbf0db0452dc37ac397a810dd1b704",
        "is_verified": false,
        "line_number": 83
      },
      {
        "type": "Secret Keyword",
        "filename": "apps\\api\\tests\\unit\\api\\test_api_auth.py",
        "hashed_secret": "4c83ff2aca6b6ff50d5d680a16d7cf6936b5e632",
        "is_verified": false,
        "line_number": 122
      },
      {
        "type": "Secret Keyword",
        "filename": "apps\\api\\tests\\unit\\api\\test_api_auth.py",
        "hashed_secret": "c5fe0200d1c7a5139bd18fd22268c4ca8bf45e90",
        "is_verified": false,
        "line_number": 139
      }
    ],
    "apps\\api\\tests\\unit\\api\\test_health.py": [
      {
        "type": "Secret Keyword",
        "filename": "apps\\api\\tests\\unit\\api\\test_health.py",
        "hashed_secret": "e9a5f12a8ecbb3eb46eca5096b5c52aa5e7c9fdd",
        "is_verified": false,
        "line_number": 122
      }
    ],
    "apps\\api\\tests\\unit\\api\\test_rbac.py": [
      {
        "type": "Secret Keyword",
        "filename": "apps\\api\\tests\\unit\\api\\test_rbac.py",
        "hashed_secret": "7b57429bcc6c6265ddd4e92f0634efd8fba8191c",
        "is_verified": false,
        "line_number": 204
      },
      {
        "type": "Secret Keyword",
        "filename": "apps\\api\\tests\\unit\\api\\test_rbac.py",
        "hashed_secret": "8190574645f5ea0f8943a44c5b321813b145ef0d",
        "is_verified": false,
        "line_number": 265
      }
    ],
    "apps\\api\\tests\\unit\\data\\test_api_provider.py": [
      {
        "type": "Secret Keyword",
        "filename": "apps\\api\\tests\\unit\\data\\test_api_provider.py",
        "hashed_secret": "3acfb2c2b433c0ea7ff107e33df91b18e52f960f",
        "is_verified": false,
        "line_number": 18
      }
    ],
    "apps\\api\\tests\\unit\\mcp\\test_audit.py": [
      {
        "type": "Secret Keyword",
        "filename": "apps\\api\\tests\\unit\\mcp\\test_audit.py",
        "hashed_secret": "f2b14f68eb995facb3a1c35287b778d5bd785511",
        "is_verified": false,
        "line_number": 265
      },
      {
        "type": "Secret Keyword",
        "filename": "apps\\api\\tests\\unit\\mcp\\test_audit.py",
        "hashed_secret": "b753dc6e91633da349177b03ee2bd0686834ed32",
        "is_verified": false,
        "line_number": 266
      },
      {
        "type": "Secret Keyword",
        "filename": "apps\\api\\tests\\unit\\mcp\\test_audit.py",
        "hashed_secret": "13951588fd3325e25ed1e3b116d7009fb221c85e",
        "is_verified": false,
        "line_number": 281
      },
      {
        "type": "Secret Keyword",
        "filename": "apps\\api\\tests\\unit\\mcp\\test_audit.py",
        "hashed_secret": "b02dff0ec9d24823e77c27c281a852247896b86d",
        "is_verified": false,
        "line_number": 287
      }
    ],
    "apps\\api\\tests\\unit\\mcp\\test_base.py": [
      {
        "type": "Secret Keyword",
        "filename": "apps\\api\\tests\\unit\\mcp\\test_base.py",
        "hashed_secret": "4e929200ca58b6f0056090d709421476470c53d7",
        "is_verified": false,
        "line_number": 80
      }
    ],
    "apps\\api\\tests\\unit\\mcp\\test_config.py": [
      {
        "type": "Secret Keyword",
        "filename": "apps\\api\\tests\\unit\\mcp\\test_config.py",
        "hashed_secret": "3acfb2c2b433c0ea7ff107e33df91b18e52f960f",
        "is_verified": false,
        "line_number": 70
      },
      {
        "type": "Secret Keyword",
        "filename": "apps\\api\\tests\\unit\\mcp\\test_config.py",
        "hashed_secret": "035bf17d591b5967aafe1700f7e7d0bf0f7d6bf3",
        "is_verified": false,
        "line_number": 149
      },
      {
        "type": "Secret Keyword",
        "filename": "apps\\api\\tests\\unit\\mcp\\test_config.py",
        "hashed_secret": "6af5a378fdb0e7d397c9f47c744e5e14195c0228",
        "is_verified": false,
        "line_number": 164
      },
      {
        "type": "Secret Keyword",
        "filename": "apps\\api\\tests\\unit\\mcp\\test_config.py",
        "hashed_secret": "619dbe17badb184e8842e7d1dc7f2fb5dbc2730c",
        "is_verified": false,
        "line_number": 167
      },
      {
        "type": "Secret Keyword",
        "filename": "apps\\api\\tests\\unit\\mcp\\test_config.py",
        "hashed_secret": "b671351c066092d76821f7f13ed7356e16db335e",
        "is_verified": false,
        "line_number": 174
      }
    ],
    "apps\\api\\tests\\unit\\models\\test_moonshot_provider.py": [
      {
        "type": "Secret Keyword",
        "filename": "apps\\api\\tests\\unit\\models\\test_moonshot_provider.py",
        "hashed_secret": "0604c6d585012530e3c66c5b37712d3bd8f31423",
        "is_verified": false,
        "line_number": 146
      }
    ],
    "apps\\api\\tests\\unit\\models\\test_zai_provider.py": [
      {
        "type": "Secret Keyword",
        "filename": "apps\\api\\tests\\unit\\models\\test_zai_provider.py",
        "hashed_secret": "0604c6d585012530e3c66c5b37712d3bd8f31423",
        "is_verified": false,
        "line_number": 172
      }
    ],
    "apps\\api\\tests\\unit\\routers\\test_webhooks_esignatures.py": [
      {
        "type": "Secret Keyword",
        "filename": "apps\\api\\tests\\unit\\routers\\test_webhooks_esignatures.py",
        "hashed_secret": "d4e0e04792fd434b5dc9c4155c178f66edcf4ed3",
        "is_verified": false,
        "line_number": 162
      },
      {
        "type": "Secret Keyword",
        "filename": "apps\\api\\tests\\unit\\routers\\test_webhooks_esignatures.py",
        "hashed_secret": "e5e9fa1ba31ecd1ae84f75caaa474f3a663f05f4",
        "is_verified": false,
        "line_number": 199
      },
      {
        "type": "Secret Keyword",
        "filename": "apps\\api\\tests\\unit\\routers\\test_webhooks_esignatures.py",
        "hashed_secret": "5c5a15a8b0b3e154d77746945e563ba40100681b",
        "is_verified": false,
        "line_number": 218
      }
    ],
    "apps\\api\\tests\\unit\\test_air_quality_adapter.py": [
      {
        "type": "Secret Keyword",
        "filename": "apps\\api\\tests\\unit\\test_air_quality_adapter.py",
        "hashed_secret": "3acfb2c2b433c0ea7ff107e33df91b18e52f960f",
        "is_verified": false,
        "line_number": 59
      },
      {
        "type": "Secret Keyword",
        "filename": "apps\\api\\tests\\unit\\test_air_quality_adapter.py",
        "hashed_secret": "bea2f7b64fab8d1d414d0449530b1e088d36d5b1",
        "is_verified": false,
        "line_number": 77
      }
    ],
    "apps\\api\\tests\\unit\\test_alert_manager.py": [
      {
        "type": "Secret Keyword",
        "filename": "apps\\api\\tests\\unit\\test_alert_manager.py",
        "hashed_secret": "1a91d62f7ca67399625a4368a6ab5d4a3baa6073",
        "is_verified": false,
        "line_number": 30
      }
    ],
    "apps\\api\\tests\\unit\\test_auth_jwt_router.py": [
      {
        "type": "Secret Keyword",
        "filename": "apps\\api\\tests\\unit\\test_auth_jwt_router.py",
        "hashed_secret": "16450215259647eb6b4773fc2adc9faa68fe8ec4",
        "is_verified": false,
        "line_number": 275
      },
      {
        "type": "Secret Keyword",
        "filename": "apps\\api\\tests\\unit\\test_auth_jwt_router.py",
        "hashed_secret": "dd8766c93d8bc3034c29f7a2d7931d57579a35cf",
        "is_verified": false,
        "line_number": 428
      },
      {
        "type": "Secret Keyword",
        "filename": "apps\\api\\tests\\unit\\test_auth_jwt_router.py",
        "hashed_secret": "a0f4ea7d91495df92bbac2e2149dfb850fe81396",
        "is_verified": false,
        "line_number": 881
      },
      {
        "type": "Secret Keyword",
        "filename": "apps\\api\\tests\\unit\\test_auth_jwt_router.py",
        "hashed_secret": "d87818d7fbad76bb81ccf5076ef26e47c3128539",
        "is_verified": false,
        "line_number": 898
      },
      {
        "type": "Secret Keyword",
        "filename": "apps\\api\\tests\\unit\\test_auth_jwt_router.py",
        "hashed_secret": "fe1bae27cb7c1fb823f496f286e78f1d2ae87734",
        "is_verified": false,
        "line_number": 1125
      },
      {
        "type": "Private Key",
        "filename": "apps\\api\\tests\\unit\\test_auth_jwt_router.py",
        "hashed_secret": "1348b145fa1a555461c1b790a2f66614781091e9",
        "is_verified": false,
        "line_number": 1573
      }
    ],
    "apps\\api\\tests\\unit\\test_commute_client.py": [
      {
        "type": "Secret Keyword",
        "filename": "apps\\api\\tests\\unit\\test_commute_client.py",
        "hashed_secret": "00942f4668670f34c5943cf52c7ef3139fe2b8d6",
        "is_verified": false,
        "line_number": 21
      }
    ],
    "apps\\api\\tests\\unit\\test_data_adapters.py": [
      {
        "type": "Secret Keyword",
        "filename": "apps\\api\\tests\\unit\\test_data_adapters.py",
        "hashed_secret": "3acfb2c2b433c0ea7ff107e33df91b18e52f960f",
        "is_verified": false,
        "line_number": 42
      }
    ],
    "apps\\api\\tests\\unit\\test_data_adapters_base.py": [
      {
        "type": "Secret Keyword",
        "filename": "apps\\api\\tests\\unit\\test_data_adapters_base.py",
        "hashed_secret": "6af5a378fdb0e7d397c9f47c744e5e14195c0228",
        "is_verified": false,
        "line_number": 479
      },
      {
        "type": "Secret Keyword",
        "filename": "apps\\api\\tests\\unit\\test_data_adapters_base.py",
        "hashed_secret": "4e929200ca58b6f0056090d709421476470c53d7",
        "is_verified": false,
        "line_number": 499
      },
      {
        "type": "Secret Keyword",
        "filename": "apps\\api\\tests\\unit\\test_data_adapters_base.py",
        "hashed_secret": "035bf17d591b5967aafe1700f7e7d0bf0f7d6bf3",
        "is_verified": false,
        "line_number": 521
      },
      {
        "type": "Secret Keyword",
        "filename": "apps\\api\\tests\\unit\\test_data_adapters_base.py",
        "hashed_secret": "01c92a77244f5e8e3b1e566c4a9266e724de6d98",
        "is_verified": false,
        "line_number": 529
      }
    ],
    "apps\\api\\tests\\unit\\test_data_sources_router.py": [
      {
        "type": "Secret Keyword",
        "filename": "apps\\api\\tests\\unit\\test_data_sources_router.py",
        "hashed_secret": "3acfb2c2b433c0ea7ff107e33df91b18e52f960f",
        "is_verified": false,
        "line_number": 1228
      }
    ],
    "apps\\api\\tests\\unit\\test_email_service.py": [
      {
        "type": "Secret Keyword",
        "filename": "apps\\api\\tests\\unit\\test_email_service.py",
        "hashed_secret": "9d4e1e23bd5b727046a9e3b4b7db57bd8d6ee684",
        "is_verified": false,
        "line_number": 25
      }
    ],
    "apps\\api\\tests\\unit\\test_esignature_service.py": [
      {
        "type": "Secret Keyword",
        "filename": "apps\\api\\tests\\unit\\test_esignature_service.py",
        "hashed_secret": "e48c47f1431afd3bb030deea266b4309e2228c5b",
        "is_verified": false,
        "line_number": 27
      },
      {
        "type": "Secret Keyword",
        "filename": "apps\\api\\tests\\unit\\test_esignature_service.py",
        "hashed_secret": "74ccd7a1ad92eb454cad14f7854446a509e7e763",
        "is_verified": false,
        "line_number": 59
      },
      {
        "type": "Secret Keyword",
        "filename": "apps\\api\\tests\\unit\\test_esignature_service.py",
        "hashed_secret": "00942f4668670f34c5943cf52c7ef3139fe2b8d6",
        "is_verified": false,
        "line_number": 80
      },
      {
        "type": "Secret Keyword",
        "filename": "apps\\api\\tests\\unit\\test_esignature_service.py",
        "hashed_secret": "7585d1f7ceb90fd0b1ab42d0a6ca39fcf55065c7",
        "is_verified": false,
        "line_number": 475
      },
      {
        "type": "Secret Keyword",
        "filename": "apps\\api\\tests\\unit\\test_esignature_service.py",
        "hashed_secret": "e5e9fa1ba31ecd1ae84f75caaa474f3a663f05f4",
        "is_verified": false,
        "line_number": 499
      },
      {
        "type": "Secret Keyword",
        "filename": "apps\\api\\tests\\unit\\test_esignature_service.py",
        "hashed_secret": "d9654af4a57be93611271f8e0f889e0ea9739a35",
        "is_verified": false,
        "line_number": 544
      },
      {
        "type": "Secret Keyword",
        "filename": "apps\\api\\tests\\unit\\test_esignature_service.py",
        "hashed_secret": "4c12131fd2ab386d6ad35a1bd0050fedadf84bab",
        "is_verified": false,
        "line_number": 564
      }
    ],
    "apps\\api\\tests\\unit\\test_feedback.py": [
      {
        "type": "Secret Keyword",
        "filename": "apps\\api\\tests\\unit\\test_feedback.py",
        "hashed_secret": "4c83ff2aca6b6ff50d5d680a16d7cf6936b5e632",
        "is_verified": false,
        "line_number": 19
      }
    ],
    "apps\\api\\tests\\unit\\test_filter_presets.py": [
      {
        "type": "Secret Keyword",
        "filename": "apps\\api\\tests\\unit\\test_filter_presets.py",
        "hashed_secret": "6318553899daae2941718c02508aeee938af1a1c",
        "is_verified": false,
        "line_number": 24
      }
    ],
    "apps\\api\\tests\\unit\\test_model_factory_config.py": [
      {
        "type": "Secret Keyword",
        "filename": "apps\\api\\tests\\unit\\test_model_factory_config.py",
        "hashed_secret": "75ddfb45216fe09680dfe70eda4f559a910c832c",
        "is_verified": false,
        "line_number": 13
      },
      {
        "type": "Secret Keyword",
        "filename": "apps\\api\\tests\\unit\\test_model_factory_config.py",
        "hashed_secret": "a288513f2a30d39a5123d8cdc53914d71db049b6",
        "is_verified": false,
        "line_number": 14
      },
      {
        "type": "Secret Keyword",
        "filename": "apps\\api\\tests\\unit\\test_model_factory_config.py",
        "hashed_secret": "71fdbe9f60b1157a53c18b7ec93d4041d828aaad",
        "is_verified": false,
        "line_number": 40
      },
      {
        "type": "Secret Keyword",
        "filename": "apps\\api\\tests\\unit\\test_model_factory_config.py",
        "hashed_secret": "61590b1c314aea752829602c7e0d653e51d52738",
        "is_verified": false,
        "line_number": 314
      },
      {
        "type": "Secret Keyword",
        "filename": "apps\\api\\tests\\unit\\test_model_factory_config.py",
        "hashed_secret": "f4aa196f282d07cd70e07ff51227327f3652e0bb",
        "is_verified": false,
        "line_number": 321
      },
      {
        "type": "Secret Keyword",
        "filename": "apps\\api\\tests\\unit\\test_model_factory_config.py",
        "hashed_secret": "f894ed2091664f559a5a9ee0ace34e2dcd68bfd3",
        "is_verified": false,
        "line_number": 328
      }
    ],
    "apps\\api\\tests\\unit\\test_notification_preferences.py": [
      {
        "type": "Secret Keyword",
        "filename": "apps\\api\\tests\\unit\\test_notification_preferences.py",
        "hashed_secret": "6318553899daae2941718c02508aeee938af1a1c",
        "is_verified": false,
        "line_number": 30
      }
    ],
    "apps\\api\\tests\\unit\\test_notifications.py": [
      {
        "type": "Secret Keyword",
        "filename": "apps\\api\\tests\\unit\\test_notifications.py",
        "hashed_secret": "9fb7fe1217aed442b04c0f5e43b5d5a7d3287097",
        "is_verified": false,
        "line_number": 67
      },
      {
        "type": "Secret Keyword",
        "filename": "apps\\api\\tests\\unit\\test_notifications.py",
        "hashed_secret": "5baa61e4c9b93f3f0682250b6cf8331b7ee68fd8",
        "is_verified": false,
        "line_number": 149
      },
      {
        "type": "Secret Keyword",
        "filename": "apps\\api\\tests\\unit\\test_notifications.py",
        "hashed_secret": "086b19538ea9d10acfb923ce9d8512cdbabec83f",
        "is_verified": false,
        "line_number": 178
      }
    ],
    "apps\\api\\tests\\unit\\test_oauth.py": [
      {
        "type": "Secret Keyword",
        "filename": "apps\\api\\tests\\unit\\test_oauth.py",
        "hashed_secret": "03f5e2d670af3e9183f3fe790785b0d41291a17d",
        "is_verified": false,
        "line_number": 65
      },
      {
        "type": "Private Key",
        "filename": "apps\\api\\tests\\unit\\test_oauth.py",
        "hashed_secret": "1348b145fa1a555461c1b790a2f66614781091e9",
        "is_verified": false,
        "line_number": 114
      }
    ],
    "apps\\api\\tests\\unit\\test_password.py": [
      {
        "type": "Secret Keyword",
        "filename": "apps\\api\\tests\\unit\\test_password.py",
        "hashed_secret": "5d49e65f4964366c52e0b7ac0d0a48f948e7f6aa",
        "is_verified": false,
        "line_number": 16
      },
      {
        "type": "Secret Keyword",
        "filename": "apps\\api\\tests\\unit\\test_password.py",
        "hashed_secret": "f1eaa99dea076bb93e0b6f75e2120fc81445adc0",
        "is_verified": false,
        "line_number": 44
      },
      {
        "type": "Secret Keyword",
        "filename": "apps\\api\\tests\\unit\\test_password.py",
        "hashed_secret": "6052acf657148ec39725c596e25bd0612fd301a6",
        "is_verified": false,
        "line_number": 70
      },
      {
        "type": "Secret Keyword",
        "filename": "apps\\api\\tests\\unit\\test_password.py",
        "hashed_secret": "ebcedd4c5aa12cd18fed22aec280ff07b84964ee",
        "is_verified": false,
        "line_number": 77
      },
      {
        "type": "Secret Keyword",
        "filename": "apps\\api\\tests\\unit\\test_password.py",
        "hashed_secret": "c0f6de7026e5f369222260d265e766f910e5038f",
        "is_verified": false,
        "line_number": 84
      },
      {
        "type": "Secret Keyword",
        "filename": "apps\\api\\tests\\unit\\test_password.py",
        "hashed_secret": "25bcfee61dcf3b15ed8527e72c5e619a84a9d912",
        "is_verified": false,
        "line_number": 91
      },
      {
        "type": "Secret Keyword",
        "filename": "apps\\api\\tests\\unit\\test_password.py",
        "hashed_secret": "b3e74f6f0663fe1567a9c23b052e93bf425c34d5",
        "is_verified": false,
        "line_number": 98
      },
      {
        "type": "Secret Keyword",
        "filename": "apps\\api\\tests\\unit\\test_password.py",
        "hashed_secret": "e89ba39ad90393fdfc21a1e1b5b2dfb77acb9026",
        "is_verified": false,
        "line_number": 105
      },
      {
        "type": "Secret Keyword",
        "filename": "apps\\api\\tests\\unit\\test_password.py",
        "hashed_secret": "1c8d9b04485b714d2624a1e4315f9aaf420000e7",
        "is_verified": false,
        "line_number": 112
      }
    ],
    "apps\\api\\tests\\unit\\test_provider_circuit_breaker.py": [
      {
        "type": "Secret Keyword",
        "filename": "apps\\api\\tests\\unit\\test_provider_circuit_breaker.py",
        "hashed_secret": "1073ab6cda4b991cd29f9e83a307f34004ae9327",
        "is_verified": false,
        "line_number": 313
      }
    ],
    "apps\\api\\tests\\unit\\test_rule_engine.py": [
      {
        "type": "Base64 High Entropy String",
        "filename": "apps\\api\\tests\\unit\\test_rule_engine.py",
        "hashed_secret": "29b5f3f37eb625ee198e36381dc87b9197eec9e7",
        "is_verified": false,
        "line_number": 23
      },
      {
        "type": "Secret Keyword",
        "filename": "apps\\api\\tests\\unit\\test_rule_engine.py",
        "hashed_secret": "29b5f3f37eb625ee198e36381dc87b9197eec9e7",
        "is_verified": false,
        "line_number": 23
      }
    ],
    "apps\\api\\tests\\unit\\test_settings_jwt_validation.py": [
      {
        "type": "Secret Keyword",
        "filename": "apps\\api\\tests\\unit\\test_settings_jwt_validation.py",
        "hashed_secret": "3c3b274d119ff5a5ec6c1e215c1cb794d9973ac1",
        "is_verified": false,
        "line_number": 112
      }
    ],
    "apps\\api\\tests\\unit\\test_tool_validation.py": [
      {
        "type": "Secret Keyword",
        "filename": "apps\\api\\tests\\unit\\test_tool_validation.py",
        "hashed_secret": "2d40f5e4d8cdcbed33861fdf6471ec1e5706f2e8",
        "is_verified": false,
        "line_number": 129
      },
      {
        "type": "Secret Keyword",
        "filename": "apps\\api\\tests\\unit\\test_tool_validation.py",
        "hashed_secret": "f2b14f68eb995facb3a1c35287b778d5bd785511",
        "is_verified": false,
        "line_number": 143
      },
      {
        "type": "Secret Keyword",
        "filename": "apps\\api\\tests\\unit\\test_tool_validation.py",
        "hashed_secret": "cba7d8d926ee837cf3f92636a6d1cd0eb397db64",
        "is_verified": false,
        "line_number": 158
      },
      {
        "type": "Secret Keyword",
        "filename": "apps\\api\\tests\\unit\\test_tool_validation.py",
        "hashed_secret": "9dfc4680e03ebd9090e6e509917ab472d064ffe3",
        "is_verified": false,
        "line_number": 163
      },
      {
        "type": "Secret Keyword",
        "filename": "apps\\api\\tests\\unit\\test_tool_validation.py",
        "hashed_secret": "e5e9fa1ba31ecd1ae84f75caaa474f3a663f05f4",
        "is_verified": false,
        "line_number": 189
      }
    ],
    "apps\\api\\tests\\unit\\test_user_repos.py": [
      {
        "type": "Secret Keyword",
        "filename": "apps\\api\\tests\\unit\\test_user_repos.py",
        "hashed_secret": "e5e9fa1ba31ecd1ae84f75caaa474f3a663f05f4",
        "is_verified": false,
        "line_number": 72
      },
      {
        "type": "Secret Keyword",
        "filename": "apps\\api\\tests\\unit\\test_user_repos.py",
        "hashed_secret": "34bca42b2394d9f0fc58c48f59e3567d8631cbc6",
        "is_verified": false,
        "line_number": 153
      }
    ],
    "apps\\api\\tests\\unit\\utils\\test_data_protection.py": [
      {
        "type": "Secret Keyword",
        "filename": "apps\\api\\tests\\unit\\utils\\test_data_protection.py",
        "hashed_secret": "f2b14f68eb995facb3a1c35287b778d5bd785511",
        "is_verified": false,
        "line_number": 58
      },
      {
        "type": "Secret Keyword",
        "filename": "apps\\api\\tests\\unit\\utils\\test_data_protection.py",
        "hashed_secret": "963d6acfe90cad38907bf160473c64254688b768",
        "is_verified": false,
        "line_number": 60
      },
      {
        "type": "Secret Keyword",
        "filename": "apps\\api\\tests\\unit\\utils\\test_data_protection.py",
        "hashed_secret": "f32b67c7e26342af42efabc674d441dca0a281c5",
        "is_verified": false,
        "line_number": 75
      },
      {
        "type": "Secret Keyword",
        "filename": "apps\\api\\tests\\unit\\utils\\test_data_protection.py",
        "hashed_secret": "e5e9fa1ba31ecd1ae84f75caaa474f3a663f05f4",
        "is_verified": false,
        "line_number": 91
      },
      {
        "type": "Secret Keyword",
        "filename": "apps\\api\\tests\\unit\\utils\\test_data_protection.py",
        "hashed_secret": "f290cfe1fd885038aa753ee62880ffd186bd0c76",
        "is_verified": false,
        "line_number": 92
      },
      {
        "type": "Secret Keyword",
        "filename": "apps\\api\\tests\\unit\\utils\\test_data_protection.py",
        "hashed_secret": "9fb7fe1217aed442b04c0f5e43b5d5a7d3287097",
        "is_verified": false,
        "line_number": 133
      }
    ],
    "apps\\web\\messages\\de.json": [
      {
        "type": "Secret Keyword",
        "filename": "apps\\web\\messages\\de.json",
        "hashed_secret": "8be3c943b1609fffbfc51aad666d0a04adf83c9d",
        "is_verified": false,
        "line_number": 115
      },
      {
        "type": "Secret Keyword",
        "filename": "apps\\web\\messages\\de.json",
        "hashed_secret": "4c29f7f0335807c2524d8c36d531496aee23f473",
        "is_verified": false,
        "line_number": 116
      },
      {
        "type": "Secret Keyword",
        "filename": "apps\\web\\messages\\de.json",
        "hashed_secret": "c2d404cb7bad34de0af2136b8efa809ea96170fa",
        "is_verified": false,
        "line_number": 131
      },
      {
        "type": "Secret Keyword",
        "filename": "apps\\web\\messages\\de.json",
        "hashed_secret": "4894cb39ee419a77b480060f3e4a6d0a4d0fa01f",
        "is_verified": false,
        "line_number": 147
      },
      {
        "type": "Secret Keyword",
        "filename": "apps\\web\\messages\\de.json",
        "hashed_secret": "68dcd71ce6baa65ce1f3ddb3ead8f9e8f575e147",
        "is_verified": false,
        "line_number": 148
      },
      {
        "type": "Secret Keyword",
        "filename": "apps\\web\\messages\\de.json",
        "hashed_secret": "6c56a9249cba324d029f725f1f7c0e47184e2dcf",
        "is_verified": false,
        "line_number": 163
      },
      {
        "type": "Secret Keyword",
        "filename": "apps\\web\\messages\\de.json",
        "hashed_secret": "d69c3b1ac54be7da3666d9937b9c78e7c309d6e8",
        "is_verified": false,
        "line_number": 165
      },
      {
        "type": "Secret Keyword",
        "filename": "apps\\web\\messages\\de.json",
        "hashed_secret": "3e7d56a95804ff3c322b97a7e7cdba25dc920957",
        "is_verified": false,
        "line_number": 166
      }
    ],
    "apps\\web\\messages\\en.json": [
      {
        "type": "Secret Keyword",
        "filename": "apps\\web\\messages\\en.json",
        "hashed_secret": "8be3c943b1609fffbfc51aad666d0a04adf83c9d",
        "is_verified": false,
        "line_number": 79
      },
      {
        "type": "Secret Keyword",
        "filename": "apps\\web\\messages\\en.json",
        "hashed_secret": "4c29f7f0335807c2524d8c36d531496aee23f473",
        "is_verified": false,
        "line_number": 80
      },
      {
        "type": "Secret Keyword",
        "filename": "apps\\web\\messages\\en.json",
        "hashed_secret": "c2d404cb7bad34de0af2136b8efa809ea96170fa",
        "is_verified": false,
        "line_number": 95
      },
      {
        "type": "Secret Keyword",
        "filename": "apps\\web\\messages\\en.json",
        "hashed_secret": "4894cb39ee419a77b480060f3e4a6d0a4d0fa01f",
        "is_verified": false,
        "line_number": 111
      },
      {
        "type": "Secret Keyword",
        "filename": "apps\\web\\messages\\en.json",
        "hashed_secret": "68dcd71ce6baa65ce1f3ddb3ead8f9e8f575e147",
        "is_verified": false,
        "line_number": 112
      },
      {
        "type": "Secret Keyword",
        "filename": "apps\\web\\messages\\en.json",
        "hashed_secret": "6c56a9249cba324d029f725f1f7c0e47184e2dcf",
        "is_verified": false,
        "line_number": 138
      },
      {
        "type": "Secret Keyword",
        "filename": "apps\\web\\messages\\en.json",
        "hashed_secret": "d69c3b1ac54be7da3666d9937b9c78e7c309d6e8",
        "is_verified": false,
        "line_number": 140
      },
      {
        "type": "Secret Keyword",
        "filename": "apps\\web\\messages\\en.json",
        "hashed_secret": "3e7d56a95804ff3c322b97a7e7cdba25dc920957",
        "is_verified": false,
        "line_number": 141
      }
    ],
    "apps\\web\\messages\\es.json": [
      {
        "type": "Secret Keyword",
        "filename": "apps\\web\\messages\\es.json",
        "hashed_secret": "8be3c943b1609fffbfc51aad666d0a04adf83c9d",
        "is_verified": false,
        "line_number": 115
      },
      {
        "type": "Secret Keyword",
        "filename": "apps\\web\\messages\\es.json",
        "hashed_secret": "4c29f7f0335807c2524d8c36d531496aee23f473",
        "is_verified": false,
        "line_number": 116
      },
      {
        "type": "Secret Keyword",
        "filename": "apps\\web\\messages\\es.json",
        "hashed_secret": "c2d404cb7bad34de0af2136b8efa809ea96170fa",
        "is_verified": false,
        "line_number": 131
      },
      {
        "type": "Secret Keyword",
        "filename": "apps\\web\\messages\\es.json",
        "hashed_secret": "4894cb39ee419a77b480060f3e4a6d0a4d0fa01f",
        "is_verified": false,
        "line_number": 147
      },
      {
        "type": "Secret Keyword",
        "filename": "apps\\web\\messages\\es.json",
        "hashed_secret": "68dcd71ce6baa65ce1f3ddb3ead8f9e8f575e147",
        "is_verified": false,
        "line_number": 148
      },
      {
        "type": "Secret Keyword",
        "filename": "apps\\web\\messages\\es.json",
        "hashed_secret": "6c56a9249cba324d029f725f1f7c0e47184e2dcf",
        "is_verified": false,
        "line_number": 163
      },
      {
        "type": "Secret Keyword",
        "filename": "apps\\web\\messages\\es.json",
        "hashed_secret": "d69c3b1ac54be7da3666d9937b9c78e7c309d6e8",
        "is_verified": false,
        "line_number": 165
      },
      {
        "type": "Secret Keyword",
        "filename": "apps\\web\\messages\\es.json",
        "hashed_secret": "3e7d56a95804ff3c322b97a7e7cdba25dc920957",
        "is_verified": false,
        "line_number": 166
      }
    ],
    "apps\\web\\messages\\it.json": [
      {
        "type": "Secret Keyword",
        "filename": "apps\\web\\messages\\it.json",
        "hashed_secret": "8be3c943b1609fffbfc51aad666d0a04adf83c9d",
        "is_verified": false,
        "line_number": 115
      },
      {
        "type": "Secret Keyword",
        "filename": "apps\\web\\messages\\it.json",
        "hashed_secret": "4c29f7f0335807c2524d8c36d531496aee23f473",
        "is_verified": false,
        "line_number": 116
      },
      {
        "type": "Secret Keyword",
        "filename": "apps\\web\\messages\\it.json",
        "hashed_secret": "c2d404cb7bad34de0af2136b8efa809ea96170fa",
        "is_verified": false,
        "line_number": 131
      },
      {
        "type": "Secret Keyword",
        "filename": "apps\\web\\messages\\it.json",
        "hashed_secret": "4894cb39ee419a77b480060f3e4a6d0a4d0fa01f",
        "is_verified": false,
        "line_number": 147
      },
      {
        "type": "Secret Keyword",
        "filename": "apps\\web\\messages\\it.json",
        "hashed_secret": "68dcd71ce6baa65ce1f3ddb3ead8f9e8f575e147",
        "is_verified": false,
        "line_number": 148
      },
      {
        "type": "Secret Keyword",
        "filename": "apps\\web\\messages\\it.json",
        "hashed_secret": "6c56a9249cba324d029f725f1f7c0e47184e2dcf",
        "is_verified": false,
        "line_number": 163
      },
      {
        "type": "Secret Keyword",
        "filename": "apps\\web\\messages\\it.json",
        "hashed_secret": "d69c3b1ac54be7da3666d9937b9c78e7c309d6e8",
        "is_verified": false,
        "line_number": 165
      },
      {
        "type": "Secret Keyword",
        "filename": "apps\\web\\messages\\it.json",
        "hashed_secret": "3e7d56a95804ff3c322b97a7e7cdba25dc920957",
        "is_verified": false,
        "line_number": 166
      }
    ],
    "apps\\web\\messages\\pt.json": [
      {
        "type": "Secret Keyword",
        "filename": "apps\\web\\messages\\pt.json",
        "hashed_secret": "8be3c943b1609fffbfc51aad666d0a04adf83c9d",
        "is_verified": false,
        "line_number": 115
      },
      {
        "type": "Secret Keyword",
        "filename": "apps\\web\\messages\\pt.json",
        "hashed_secret": "4c29f7f0335807c2524d8c36d531496aee23f473",
        "is_verified": false,
        "line_number": 116
      },
      {
        "type": "Secret Keyword",
        "filename": "apps\\web\\messages\\pt.json",
        "hashed_secret": "c2d404cb7bad34de0af2136b8efa809ea96170fa",
        "is_verified": false,
        "line_number": 131
      },
      {
        "type": "Secret Keyword",
        "filename": "apps\\web\\messages\\pt.json",
        "hashed_secret": "4894cb39ee419a77b480060f3e4a6d0a4d0fa01f",
        "is_verified": false,
        "line_number": 147
      },
      {
        "type": "Secret Keyword",
        "filename": "apps\\web\\messages\\pt.json",
        "hashed_secret": "68dcd71ce6baa65ce1f3ddb3ead8f9e8f575e147",
        "is_verified": false,
        "line_number": 148
      },
      {
        "type": "Secret Keyword",
        "filename": "apps\\web\\messages\\pt.json",
        "hashed_secret": "6c56a9249cba324d029f725f1f7c0e47184e2dcf",
        "is_verified": false,
        "line_number": 163
      },
      {
        "type": "Secret Keyword",
        "filename": "apps\\web\\messages\\pt.json",
        "hashed_secret": "d69c3b1ac54be7da3666d9937b9c78e7c309d6e8",
        "is_verified": false,
        "line_number": 165
      },
      {
        "type": "Secret Keyword",
        "filename": "apps\\web\\messages\\pt.json",
        "hashed_secret": "3e7d56a95804ff3c322b97a7e7cdba25dc920957",
        "is_verified": false,
        "line_number": 166
      }
    ],
    "apps\\web\\messages\\tr.json": [
      {
        "type": "Secret Keyword",
        "filename": "apps\\web\\messages\\tr.json",
        "hashed_secret": "8be3c943b1609fffbfc51aad666d0a04adf83c9d",
        "is_verified": false,
        "line_number": 115
      },
      {
        "type": "Secret Keyword",
        "filename": "apps\\web\\messages\\tr.json",
        "hashed_secret": "4c29f7f0335807c2524d8c36d531496aee23f473",
        "is_verified": false,
        "line_number": 116
      },
      {
        "type": "Secret Keyword",
        "filename": "apps\\web\\messages\\tr.json",
        "hashed_secret": "c2d404cb7bad34de0af2136b8efa809ea96170fa",
        "is_verified": false,
        "line_number": 131
      },
      {
        "type": "Secret Keyword",
        "filename": "apps\\web\\messages\\tr.json",
        "hashed_secret": "4894cb39ee419a77b480060f3e4a6d0a4d0fa01f",
        "is_verified": false,
        "line_number": 147
      },
      {
        "type": "Secret Keyword",
        "filename": "apps\\web\\messages\\tr.json",
        "hashed_secret": "68dcd71ce6baa65ce1f3ddb3ead8f9e8f575e147",
        "is_verified": false,
        "line_number": 148
      },
      {
        "type": "Secret Keyword",
        "filename": "apps\\web\\messages\\tr.json",
        "hashed_secret": "6c56a9249cba324d029f725f1f7c0e47184e2dcf",
        "is_verified": false,
        "line_number": 163
      },
      {
        "type": "Secret Keyword",
        "filename": "apps\\web\\messages\\tr.json",
        "hashed_secret": "d69c3b1ac54be7da3666d9937b9c78e7c309d6e8",
        "is_verified": false,
        "line_number": 165
      },
      {
        "type": "Secret Keyword",
        "filename": "apps\\web\\messages\\tr.json",
        "hashed_secret": "3e7d56a95804ff3c322b97a7e7cdba25dc920957",
        "is_verified": false,
        "line_number": 166
      }
    ],
    "apps\\web\\src\\lib\\__tests__\\push.test.ts": [
      {
        "type": "Base64 High Entropy String",
        "filename": "apps\\web\\src\\lib\\__tests__\\push.test.ts",
        "hashed_secret": "4e777675959955da8738f7938c729c7f8271190f",
        "is_verified": false,
        "line_number": 308
      }
    ],
    "apps\\web\\src\\lib\\__tests__\\schemas.test.ts": [
      {
        "type": "Secret Keyword",
        "filename": "apps\\web\\src\\lib\\__tests__\\schemas.test.ts",
        "hashed_secret": "a0f4ea7d91495df92bbac2e2149dfb850fe81396",
        "is_verified": false,
        "line_number": 239
      },
      {
        "type": "Secret Keyword",
        "filename": "apps\\web\\src\\lib\\__tests__\\schemas.test.ts",
        "hashed_secret": "cbfdac6008f9cab4083784cbd1874f76618d2a97",
        "is_verified": false,
        "line_number": 245
      }
    ],
    "deploy\\compose\\.env.example": [
      {
        "type": "Basic Auth Credentials",
        "filename": "deploy\\compose\\.env.example",
        "hashed_secret": "9d4e1e23bd5b727046a9e3b4b7db57bd8d6ee684",
        "is_verified": false,
        "line_number": 147
      },
      {
        "type": "Basic Auth Credentials",
        "filename": "deploy\\compose\\.env.example",
        "hashed_secret": "f677b103de37b63150325d953544cf75246844ea",
        "is_verified": false,
        "line_number": 148
      }
    ],
    "docs\\api\\authentication.md": [
      {
        "type": "Secret Keyword",
        "filename": "docs\\api\\authentication.md",
        "hashed_secret": "20b05c695ef1f14caa80ab1ce617d503ba9de093",
        "is_verified": false,
        "line_number": 82
      },
      {
        "type": "Secret Keyword",
        "filename": "docs\\api\\authentication.md",
        "hashed_secret": "a5dbbbc28ef3ae6354828e321b3dad3baa694a18",
        "is_verified": false,
        "line_number": 246
      }
    ],
    "docs\\api\\errors.md": [
      {
        "type": "Secret Keyword",
        "filename": "docs\\api\\errors.md",
        "hashed_secret": "1ded3053d0363079a4e681a3b700435d6d880290",
        "is_verified": false,
        "line_number": 155
      },
      {
        "type": "Secret Keyword",
        "filename": "docs\\api\\errors.md",
        "hashed_secret": "20b05c695ef1f14caa80ab1ce617d503ba9de093",
        "is_verified": false,
        "line_number": 243
      }
    ],
    "docs\\architecture\\llm-integration.md": [
      {
        "type": "Secret Keyword",
        "filename": "docs\\architecture\\llm-integration.md",
        "hashed_secret": "80ddcbaddc153d0ceea8e1d0e3e24f62bb626cfc",
        "is_verified": false,
        "line_number": 382
      }
    ],
    "docs\\development\\DATA_POPULATION.md": [
      {
        "type": "Secret Keyword",
        "filename": "docs\\development\\DATA_POPULATION.md",
        "hashed_secret": "3ce8d030d416d4d7d8c96b6ee19c8da70c15ee4e",
        "is_verified": false,
        "line_number": 54
      }
    ],
    "e2e\\auth-journey.spec.ts": [
      {
        "type": "Secret Keyword",
        "filename": "e2e\\auth-journey.spec.ts",
        "hashed_secret": "382caa7c44ee23ee25616f7e303af33c591efc3a",
        "is_verified": false,
        "line_number": 32
      }
    ],
    "e2e\\fixtures\\users.ts": [
      {
        "type": "Secret Keyword",
        "filename": "e2e\\fixtures\\users.ts",
        "hashed_secret": "382caa7c44ee23ee25616f7e303af33c591efc3a",
        "is_verified": false,
        "line_number": 26
      },
      {
        "type": "Secret Keyword",
        "filename": "e2e\\fixtures\\users.ts",
        "hashed_secret": "b3f377a87c9018caa8aea51da23cdc17c74bc946",
        "is_verified": false,
        "line_number": 38
      },
      {
        "type": "Secret Keyword",
        "filename": "e2e\\fixtures\\users.ts",
        "hashed_secret": "09f9ae7324834d55981d0d32086b554266e76273",
        "is_verified": false,
        "line_number": 50
      }
    ],
    "e2e\\full-user-journey.spec.ts": [
      {
        "type": "Secret Keyword",
        "filename": "e2e\\full-user-journey.spec.ts",
        "hashed_secret": "382caa7c44ee23ee25616f7e303af33c591efc3a",
        "is_verified": false,
        "line_number": 21
      }
    ],
    "k8s\\production\\ingress.yaml": [
      {
        "type": "Secret Keyword",
        "filename": "k8s\\production\\ingress.yaml",
        "hashed_secret": "82164885e1da4384542274657fa7ed9f67b378d1",
        "is_verified": false,
        "line_number": 37
      }
    ]
  },
  "generated_at": "2026-09-25T05:35:23Z"
}
